Copyright 1986-2018 Xilinx, Inc. All Rights Reserved.
-----------------------------------------------------------------------------------------
| Tool Version      : Vivado v.2018.2 (lin64) Build 2258646 Thu Jun 14 20:02:38 MDT 2018
| Date              : Sat Sep  5 22:11:08 2026
| Host              : fedora running 64-bit Fedora Linux 43 (KDE Plasma Desktop Edition)
| Command           : report_timing_summary -file timing.rpt
| Design            : pqc_axi_wrapper
| Device            : xczu7ev-ffvc1156
| Speed File        : -2  PRODUCTION 1.20 05-21-2018
| Temperature Grade : E
-----------------------------------------------------------------------------------------

Timing Summary Report

------------------------------------------------------------------------------------------------
| Timer Settings
| --------------
------------------------------------------------------------------------------------------------

  Enable Multi Corner Analysis               :  Yes
  Enable Pessimism Removal                   :  Yes
  Pessimism Removal Resolution               :  Nearest Common Node
  Enable Input Delay Default Clock           :  No
  Enable Preset / Clear Arcs                 :  No
  Disable Flight Delays                      :  No
  Ignore I/O Paths                           :  No
  Timing Early Launch at Borrowing Latches   :  false

  Corner  Analyze    Analyze    
  Name    Max Paths  Min Paths  
  ------  ---------  ---------  
  Slow    Yes        Yes        
  Fast    Yes        Yes        



check_timing report

Table of Contents
-----------------
1. checking no_clock
2. checking constant_clock
3. checking pulse_width_clock
4. checking unconstrained_internal_endpoints
5. checking no_input_delay
6. checking no_output_delay
7. checking multiple_clock
8. checking generated_clocks
9. checking loops
10. checking partial_input_delay
11. checking partial_output_delay
12. checking latch_loops

1. checking no_clock
--------------------
 There are 0 register/latch pins with no clock.


2. checking constant_clock
--------------------------
 There are 0 register/latch pins with constant_clock.


3. checking pulse_width_clock
-----------------------------
 There are 0 register/latch pins which need pulse_width check


4. checking unconstrained_internal_endpoints
--------------------------------------------
 There are 0 pins that are not constrained for maximum delay.

 There are 0 pins that are not constrained for maximum delay due to constant clock.


5. checking no_input_delay
--------------------------
 There are 44 input ports with no input delay specified. (HIGH)

 There are 0 input ports with no input delay but user has a false path constraint.


6. checking no_output_delay
---------------------------
 There are 37 ports with no output delay specified. (HIGH)

 There are 0 ports with no output delay but user has a false path constraint

 There are 0 ports with no output delay but with a timing clock defined on it or propagating through it


7. checking multiple_clock
--------------------------
 There are 0 register/latch pins with multiple clocks.


8. checking generated_clocks
----------------------------
 There are 0 generated clocks that are not connected to a clock source.


9. checking loops
-----------------
 There are 0 combinational loops in the design.


10. checking partial_input_delay
--------------------------------
 There are 0 input ports with partial input delay specified.


11. checking partial_output_delay
---------------------------------
 There are 0 ports with partial output delay specified.


12. checking latch_loops
------------------------
 There are 0 combinational latch loops in the design through latch input



------------------------------------------------------------------------------------------------
| Design Timing Summary
| ---------------------
------------------------------------------------------------------------------------------------

    WNS(ns)      TNS(ns)  TNS Failing Endpoints  TNS Total Endpoints      WHS(ns)      THS(ns)  THS Failing Endpoints  THS Total Endpoints     WPWS(ns)     TPWS(ns)  TPWS Failing Endpoints  TPWS Total Endpoints  
    -------      -------  ---------------------  -------------------      -------      -------  ---------------------  -------------------     --------     --------  ----------------------  --------------------  
     -0.550      -31.843                     94                11979       -0.081     -138.156                   3365                11979        1.133        0.000                       0                  5600  


Timing constraints are not met.


------------------------------------------------------------------------------------------------
| Clock Summary
| -------------
------------------------------------------------------------------------------------------------

Clock  Waveform(ns)         Period(ns)      Frequency(MHz)
-----  ------------         ----------      --------------
clk    {0.000 1.665}        3.330           300.300         


------------------------------------------------------------------------------------------------
| Intra Clock Table
| -----------------
------------------------------------------------------------------------------------------------

Clock             WNS(ns)      TNS(ns)  TNS Failing Endpoints  TNS Total Endpoints      WHS(ns)      THS(ns)  THS Failing Endpoints  THS Total Endpoints     WPWS(ns)     TPWS(ns)  TPWS Failing Endpoints  TPWS Total Endpoints  
-----             -------      -------  ---------------------  -------------------      -------      -------  ---------------------  -------------------     --------     --------  ----------------------  --------------------  
clk                -0.550      -31.843                     94                11979       -0.081     -138.156                   3365                11979        1.133        0.000                       0                  5600  


------------------------------------------------------------------------------------------------
| Inter Clock Table
| -----------------
------------------------------------------------------------------------------------------------

From Clock    To Clock          WNS(ns)      TNS(ns)  TNS Failing Endpoints  TNS Total Endpoints      WHS(ns)      THS(ns)  THS Failing Endpoints  THS Total Endpoints  
----------    --------          -------      -------  ---------------------  -------------------      -------      -------  ---------------------  -------------------  


------------------------------------------------------------------------------------------------
| Other Path Groups Table
| -----------------------
------------------------------------------------------------------------------------------------

Path Group    From Clock    To Clock          WNS(ns)      TNS(ns)  TNS Failing Endpoints  TNS Total Endpoints      WHS(ns)      THS(ns)  THS Failing Endpoints  THS Total Endpoints  
----------    ----------    --------          -------      -------  ---------------------  -------------------      -------      -------  ---------------------  -------------------  


------------------------------------------------------------------------------------------------
| Timing Details
| --------------
------------------------------------------------------------------------------------------------


---------------------------------------------------------------------------------------------------
From Clock:  clk
  To Clock:  clk

Setup :           94  Failing Endpoints,  Worst Slack       -0.550ns,  Total Violation      -31.843ns
Hold  :         3365  Failing Endpoints,  Worst Slack       -0.081ns,  Total Violation     -138.156ns
PW    :            0  Failing Endpoints,  Worst Slack        1.133ns,  Total Violation        0.000ns
---------------------------------------------------------------------------------------------------


Max Delay Paths
--------------------------------------------------------------------------------------
Slack (VIOLATED) :        -0.550ns  (required time - arrival time)
  Source:                 u_pqc_top/u_mcu/FSM_onehot_current_state_reg[0]/C
                            (rising edge-triggered cell FDPE clocked by clk  {rise@0.000ns fall@1.665ns period=3.330ns})
  Destination:            u_pqc_top/u_ppu/gen_ppu_lanes[1].u_butterfly/u_datapath/mult_in_b_reg_reg[11]/D
                            (rising edge-triggered cell FDCE clocked by clk  {rise@0.000ns fall@1.665ns period=3.330ns})
  Path Group:             clk
  Path Type:              Setup (Max at Slow Process Corner)
  Requirement:            3.330ns  (clk rise@3.330ns - clk rise@0.000ns)
  Data Path Delay:        3.725ns  (logic 0.876ns (23.517%)  route 2.849ns (76.483%))
  Logic Levels:           14  (CARRY8=1 LUT2=1 LUT3=2 LUT5=5 LUT6=5)
  Clock Path Skew:        -0.145ns (DCD - SCD + CPR)
    Destination Clock Delay (DCD):    2.927ns = ( 6.257 - 3.330 ) 
    Source Clock Delay      (SCD):    3.355ns
    Clock Pessimism Removal (CPR):    0.283ns
  Clock Uncertainty:      0.035ns  ((TSJ^2 + TIJ^2)^1/2 + DJ) / 2 + PE
    Total System Jitter     (TSJ):    0.071ns
    Total Input Jitter      (TIJ):    0.000ns
    Discrete Jitter          (DJ):    0.000ns
    Phase Error              (PE):    0.000ns

    Location             Delay type                Incr(ns)  Path(ns)    Netlist Resource(s)
  -------------------------------------------------------------------    -------------------
                         (clock clk rise edge)        0.000     0.000 r  
                                                      0.000     0.000 r  clk (IN)
                         net (fo=0)                   0.000     0.000    clk_IBUF_inst/I
                         INBUF (Prop_INBUF_PAD_O)     0.582     0.582 r  clk_IBUF_inst/INBUF_INST/O
                         net (fo=1, unplaced)         0.000     0.582    clk_IBUF_inst/OUT
                         IBUFCTRL (Prop_IBUFCTRL_I_O)
                                                      0.000     0.582 r  clk_IBUF_inst/IBUFCTRL_INST/O
                         net (fo=1, unplaced)         0.161     0.743    clk_IBUF
                         BUFGCE (Prop_BUFGCE_I_O)     0.028     0.771 r  clk_IBUF_BUFG_inst/O
                         net (fo=5639, unplaced)      2.584     3.355    u_pqc_top/u_mcu/clk_IBUF_BUFG
                         FDPE                                         r  u_pqc_top/u_mcu/FSM_onehot_current_state_reg[0]/C
  -------------------------------------------------------------------    -------------------
                         FDPE (Prop_FDPE_C_Q)         0.077     3.432 r  u_pqc_top/u_mcu/FSM_onehot_current_state_reg[0]/Q
                         net (fo=162, unplaced)       0.184     3.616    u_pqc_top/u_mcu/out[0]
                         LUT3 (Prop_LUT3_I1_O)        0.053     3.669 f  u_pqc_top/u_mcu/i___1_i_3/O
                         net (fo=80, unplaced)        0.221     3.890    u_pqc_top/u_mcu/ppu_math_mode[3]
                         LUT5 (Prop_LUT5_I1_O)        0.100     3.990 r  u_pqc_top/u_mcu/stage_pipe[0][2]_i_1/O
                         net (fo=49, unplaced)        0.254     4.244    u_pqc_top/u_ppu/gen_ppu_lanes[0].u_butterfly/u_fsm/current_stage_reg[2]_1[1]
                         LUT5 (Prop_LUT5_I3_O)        0.038     4.282 r  u_pqc_top/u_ppu/gen_ppu_lanes[0].u_butterfly/u_fsm/sw_idx1_carry_i_18/O
                         net (fo=3, unplaced)         0.191     4.473    u_pqc_top/u_mcu/current_batch_reg[5]_0
                         LUT6 (Prop_LUT6_I5_O)        0.038     4.511 r  u_pqc_top/u_mcu/sw_idx1_carry_i_7/O
                         net (fo=1, unplaced)         0.210     4.721    u_pqc_top/u_ppu/u_tag/current_stage_reg[0][1]
                         CARRY8 (Prop_CARRY8_DI[1]_O[7])
                                                      0.197     4.918 f  u_pqc_top/u_ppu/u_tag/sw_idx1_carry/O[7]
                         net (fo=1, unplaced)         0.138     5.056    u_pqc_top/u_mcu/current_batch_reg[4][7]
                         LUT5 (Prop_LUT5_I0_O)        0.038     5.094 f  u_pqc_top/u_mcu/g0_b0_i_26/O
                         net (fo=1, unplaced)         0.185     5.279    u_pqc_top/u_mcu/g0_b0_i_26_n_0
                         LUT6 (Prop_LUT6_I5_O)        0.038     5.317 r  u_pqc_top/u_mcu/g0_b0_i_13/O
                         net (fo=3, unplaced)         0.191     5.508    u_pqc_top/u_mcu/g0_b0_i_13_n_0
                         LUT2 (Prop_LUT2_I1_O)        0.038     5.546 r  u_pqc_top/u_mcu/g0_b0_i_6/O
                         net (fo=184, unplaced)       0.284     5.830    u_pqc_top/u_ppu/slv_ppu_ctrl_reg[3]_17[0]
                         LUT6 (Prop_LUT6_I5_O)        0.037     5.867 r  u_pqc_top/u_ppu/g0_b107/O
                         net (fo=3, unplaced)         0.191     6.058    u_pqc_top/u_mcu/current_batch_reg[1]_69
                         LUT6 (Prop_LUT6_I5_O)        0.038     6.096 r  u_pqc_top/u_mcu/mult_in_b_reg[11]_i_6__1/O
                         net (fo=4, unplaced)         0.197     6.293    u_pqc_top/u_mcu/mult_in_b_reg[11]_i_6__1_n_0
                         LUT5 (Prop_LUT5_I4_O)        0.070     6.363 r  u_pqc_top/u_mcu/mult_in_b_reg[11]_i_8__0/O
                         net (fo=1, unplaced)         0.185     6.548    u_pqc_top/u_mcu/mult_in_b_reg[11]_i_8__0_n_0
                         LUT5 (Prop_LUT5_I4_O)        0.038     6.586 r  u_pqc_top/u_mcu/mult_in_b_reg[11]_i_5__2/O
                         net (fo=1, unplaced)         0.185     6.771    u_pqc_top/u_mcu/u_ppu/internal_zeta[1]_166[11]
                         LUT3 (Prop_LUT3_I2_O)        0.038     6.809 r  u_pqc_top/u_mcu/mult_in_b_reg[11]_i_4__0/O
                         net (fo=1, unplaced)         0.185     6.994    u_pqc_top/u_mcu/mult_in_b_reg[11]_i_4__0_n_0
                         LUT6 (Prop_LUT6_I5_O)        0.038     7.032 r  u_pqc_top/u_mcu/mult_in_b_reg[11]_i_1__0/O
                         net (fo=1, unplaced)         0.048     7.080    u_pqc_top/u_ppu/gen_ppu_lanes[1].u_butterfly/u_datapath/sub_out_reg[31]_0[11]
                         FDCE                                         r  u_pqc_top/u_ppu/gen_ppu_lanes[1].u_butterfly/u_datapath/mult_in_b_reg_reg[11]/D
  -------------------------------------------------------------------    -------------------

                         (clock clk rise edge)        3.330     3.330 r  
                                                      0.000     3.330 r  clk (IN)
                         net (fo=0)                   0.000     3.330    clk_IBUF_inst/I
                         INBUF (Prop_INBUF_PAD_O)     0.331     3.661 r  clk_IBUF_inst/INBUF_INST/O
                         net (fo=1, unplaced)         0.000     3.661    clk_IBUF_inst/OUT
                         IBUFCTRL (Prop_IBUFCTRL_I_O)
                                                      0.000     3.661 r  clk_IBUF_inst/IBUFCTRL_INST/O
                         net (fo=1, unplaced)         0.133     3.794    clk_IBUF
                         BUFGCE (Prop_BUFGCE_I_O)     0.024     3.818 r  clk_IBUF_BUFG_inst/O
                         net (fo=5639, unplaced)      2.439     6.257    u_pqc_top/u_ppu/gen_ppu_lanes[1].u_butterfly/u_datapath/clk_IBUF_BUFG
                         FDCE                                         r  u_pqc_top/u_ppu/gen_ppu_lanes[1].u_butterfly/u_datapath/mult_in_b_reg_reg[11]/C
                         clock pessimism              0.283     6.540    
                         clock uncertainty           -0.035     6.505    
                         FDCE (Setup_FDCE_C_D)        0.025     6.530    u_pqc_top/u_ppu/gen_ppu_lanes[1].u_butterfly/u_datapath/mult_in_b_reg_reg[11]
  -------------------------------------------------------------------
                         required time                          6.530    
                         arrival time                          -7.080    
  -------------------------------------------------------------------
                         slack                                 -0.550    





Min Delay Paths
--------------------------------------------------------------------------------------
Slack (VIOLATED) :        -0.081ns  (arrival time - required time)
  Source:                 u_pqc_top/u_ppu/gen_ppu_lanes[0].u_butterfly/u_datapath/u_mult/u_mul/product_raw_reg[16]__1/C
                            (rising edge-triggered cell FDCE clocked by clk  {rise@0.000ns fall@1.665ns period=3.330ns})
  Destination:            u_pqc_top/u_ppu/gen_ppu_lanes[0].u_butterfly/u_datapath/u_mult/u_barrett/stage1_a_reg[16]/D
                            (rising edge-triggered cell FDCE clocked by clk  {rise@0.000ns fall@1.665ns period=3.330ns})
  Path Group:             clk
  Path Type:              Hold (Min at Fast Process Corner)
  Requirement:            0.000ns  (clk rise@0.000ns - clk rise@0.000ns)
  Data Path Delay:        0.110ns  (logic 0.057ns (51.818%)  route 0.053ns (48.182%))
  Logic Levels:           1  (CARRY8=1)
  Clock Path Skew:        0.145ns (DCD - SCD - CPR)
    Destination Clock Delay (DCD):    1.763ns
    Source Clock Delay      (SCD):    1.413ns
    Clock Pessimism Removal (CPR):    0.205ns

    Location             Delay type                Incr(ns)  Path(ns)    Netlist Resource(s)
  -------------------------------------------------------------------    -------------------
                         (clock clk rise edge)        0.000     0.000 r  
                                                      0.000     0.000 r  clk (IN)
                         net (fo=0)                   0.000     0.000    clk_IBUF_inst/I
                         INBUF (Prop_INBUF_PAD_O)     0.216     0.216 r  clk_IBUF_inst/INBUF_INST/O
                         net (fo=1, unplaced)         0.000     0.216    clk_IBUF_inst/OUT
                         IBUFCTRL (Prop_IBUFCTRL_I_O)
                                                      0.000     0.216 r  clk_IBUF_inst/IBUFCTRL_INST/O
                         net (fo=1, unplaced)         0.066     0.282    clk_IBUF
                         BUFGCE (Prop_BUFGCE_I_O)     0.017     0.299 r  clk_IBUF_BUFG_inst/O
                         net (fo=5639, unplaced)      1.114     1.413    u_pqc_top/u_ppu/gen_ppu_lanes[0].u_butterfly/u_datapath/u_mult/u_mul/clk_IBUF_BUFG
                         FDCE                                         r  u_pqc_top/u_ppu/gen_ppu_lanes[0].u_butterfly/u_datapath/u_mult/u_mul/product_raw_reg[16]__1/C
  -------------------------------------------------------------------    -------------------
                         FDCE (Prop_FDCE_C_Q)         0.038     1.451 r  u_pqc_top/u_ppu/gen_ppu_lanes[0].u_butterfly/u_datapath/u_mult/u_mul/product_raw_reg[16]__1/Q
                         net (fo=1, unplaced)         0.046     1.497    u_pqc_top/u_ppu/gen_ppu_lanes[0].u_butterfly/u_datapath/u_mult/u_mul/product_raw_reg[16]__1_n_0
                         CARRY8 (Prop_CARRY8_S[0]_O[0])
                                                      0.019     1.516 r  u_pqc_top/u_ppu/gen_ppu_lanes[0].u_butterfly/u_datapath/u_mult/u_mul/product_raw0_carry/O[0]
                         net (fo=20, unplaced)        0.007     1.523    u_pqc_top/u_ppu/gen_ppu_lanes[0].u_butterfly/u_datapath/u_mult/u_barrett/product_raw_reg[16]__1_2[0]
                         FDCE                                         r  u_pqc_top/u_ppu/gen_ppu_lanes[0].u_butterfly/u_datapath/u_mult/u_barrett/stage1_a_reg[16]/D
  -------------------------------------------------------------------    -------------------

                         (clock clk rise edge)        0.000     0.000 r  
                                                      0.000     0.000 r  clk (IN)
                         net (fo=0)                   0.000     0.000    clk_IBUF_inst/I
                         INBUF (Prop_INBUF_PAD_O)     0.402     0.402 r  clk_IBUF_inst/INBUF_INST/O
                         net (fo=1, unplaced)         0.000     0.402    clk_IBUF_inst/OUT
                         IBUFCTRL (Prop_IBUFCTRL_I_O)
                                                      0.000     0.402 r  clk_IBUF_inst/IBUFCTRL_INST/O
                         net (fo=1, unplaced)         0.083     0.485    clk_IBUF
                         BUFGCE (Prop_BUFGCE_I_O)     0.019     0.504 r  clk_IBUF_BUFG_inst/O
                         net (fo=5639, unplaced)      1.259     1.763    u_pqc_top/u_ppu/gen_ppu_lanes[0].u_butterfly/u_datapath/u_mult/u_barrett/clk_IBUF_BUFG
                         FDCE                                         r  u_pqc_top/u_ppu/gen_ppu_lanes[0].u_butterfly/u_datapath/u_mult/u_barrett/stage1_a_reg[16]/C
                         clock pessimism             -0.205     1.558    
                         FDCE (Hold_FDCE_C_D)         0.046     1.604    u_pqc_top/u_ppu/gen_ppu_lanes[0].u_butterfly/u_datapath/u_mult/u_barrett/stage1_a_reg[16]
  -------------------------------------------------------------------
                         required time                         -1.604    
                         arrival time                           1.523    
  -------------------------------------------------------------------
                         slack                                 -0.081    





Pulse Width Checks
--------------------------------------------------------------------------------------
Clock Name:         clk
Waveform(ns):       { 0.000 1.665 }
Period(ns):         3.330
Sources:            { clk }

Check Type        Corner  Lib Pin     Reference Pin  Required(ns)  Actual(ns)  Slack(ns)  Location  Pin
Min Period        n/a     BUFGCE/I    n/a            1.290         3.330       2.040                clk_IBUF_BUFG_inst/I
Low Pulse Width   Slow    SRL16E/CLK  n/a            0.532         1.665       1.133                u_pqc_top/u_ppu/gen_ppu_lanes[0].u_butterfly/u_datapath/rega_en_pipe_reg[1]_srl2_u_pqc_top_u_ppu_gen_ppu_lanes_c_0/CLK
High Pulse Width  Fast    SRL16E/CLK  n/a            0.532         1.665       1.133                u_pqc_top/u_ppu/gen_ppu_lanes[0].u_butterfly/u_datapath/rega_en_pipe_reg[1]_srl2_u_pqc_top_u_ppu_gen_ppu_lanes_c_0/CLK



